Line 1
Line 4
Line 5
Modified Line 6
Line 7
Line 8
New Line After 8
Line 9